;;; generated automatically. DO NOT EDIT
;;; To update this file, you should run `dune runtest; dune promote`.

;; nx.saty
(UTLetNonRecIn (None, ((Range.Normal <nx.saty:1.5-7>), (UTPVariable "xs")),
   (UTListCons ((UTIntegerConstant 1),
      (UTListCons ((UTIntegerConstant 2),
         (UTListCons ((UTIntegerConstant 3), UTEndOfList))))
      )),
   (UTLetNonRecIn (None,
      ((Range.Normal <nx.saty:2.5-7>), (UTPVariable "ys")),
      (UTListCons ((UTIntegerConstant 1),
         (UTListCons ((UTIntegerConstant 2),
            (UTListCons ((UTIntegerConstant 3), UTEndOfList))))
         )),
      (UTLetNonRecIn (None,
         ((Range.Normal <nx.saty:4.5-7>), (UTPVariable "r0")), (UTRecord []),
         (UTLetNonRecIn (None,
            ((Range.Normal <nx.saty:5.5-7>), (UTPVariable "r1")),
            (UTRecord [("x", (UTIntegerConstant 1))]),
            (UTLetNonRecIn (None,
               ((Range.Normal <nx.saty:6.5-7>), (UTPVariable "r2")),
               (UTRecord
                  [("x", (UTIntegerConstant 1)); ("y", (UTIntegerConstant 2))
                    ]),
               (UTLetNonRecIn (None,
                  ((Range.Normal <nx.saty:7.5-11>), (UTPVariable "r2semi")),
                  (UTRecord
                     [("x", (UTIntegerConstant 1));
                       ("y", (UTIntegerConstant 2))]),
                  (UTLetNonRecIn (None,
                     ((Range.Normal <nx.saty:9.5-8>), (UTPVariable "tp2")),
                     (UTTuple [(UTIntegerConstant 1); (UTIntegerConstant 2)]),
                     (UTLetNonRecIn (None,
                        ((Range.Normal <nx.saty:10.5-8>), (UTPVariable "tp3")),
                        (UTTuple
                           [(UTIntegerConstant 1); (UTIntegerConstant 2);
                             (UTIntegerConstant 3)]),
                        (UTLetNonRecIn (None,
                           ((Range.Normal <nx.saty:12.5-12>),
                            (UTPVariable "op-test")),
                           (UTTuple
                              [((|| ((|| a) b)) c); ((&& ((&& a) b)) c);
                                ((== a) ((> b) ((< c) d)));
                                ((^ a) ((:: b) c)); ((+ a) ((+ b) c));
                                ((-' ((- a) b)) c);
                                ((+ a) ((+ ((- b) c)) d));
                                ((* a) ((*' b) ((/ c) ((mod d) e))));
                                ((* ((- (UTIntegerConstant 0)) a)) b);
                                ((|| a) ((&& a) ((== ((^ b) c)) ((> d) ((< e) ((^ f) ((:: g) ((+ h) ((-' ((- i) j)) ((* k) ((*' l) ((/ m) ((mod n) o)))))))))))));
                                ((* ((- (UTIntegerConstant 0)) a)) b);
                                ((* (not a)) b); ((* F(a)) b);
                                ((* A(U:())) b); ((+ a) (f b)); ((- f) b);
                                ((&& (not a)) b); ((|| a) (not b));
                                ((* a) (not b)); ((* a) F(b));
                                ((* a) B(U:())); ((* (not a)) b);
                                ((* F(a)) b); ((* A(U:())) b)]),
                           (UTLetNonRecIn (None,
                              ((Range.Normal <nx.saty:39.5-11>),
                               (UTPVariable "uminus")),
                              (UTTuple
                                 [((- (UTIntegerConstant 0)) (UTIntegerConstant
                                                                1));
                                   ((- (UTIntegerConstant 0)) (UTIntegerConstant
                                                                 42));
                                   ((-. (UTFloatConstant 0.)) (UTFloatConstant
                                                                 1.));
                                   ((-. (UTFloatConstant 0.)) (UTFloatConstant
                                                                 3.14));
                                   L:-1.000000mm;
                                   ((-' L:0.000000cm) L:2.718280cm);
                                   ((- (UTIntegerConstant 0)) x);
                                   ((- (UTIntegerConstant 0)) x)]),
                              UTFinishHeaderFile))
                           ))
                        ))
                     ))
                  ))
               ))
            ))
         ))
      ))
   ))

;; variants.saty
(UTDeclareVariantIn (
   (UTMutualVariantCons ([], (Range.Normal <variants.saty:1.6-7>), "t",
      [((Range.Normal <variants.saty:1.10-11>), "X",
        ((Range.Dummy "dec-constructor-unit1"),
         (Types.MTypeName ([], [], "unit"))));
        ((Range.Normal <variants.saty:1.14-15>), "Y",
         ((Range.Dummy "dec-constructor-unit1"),
          (Types.MTypeName ([], [], "unit"))))
        ],
      (UTMutualVariantCons ([], (Range.Normal <variants.saty:2.5-6>), "s",
         [((Range.Normal <variants.saty:2.9-10>), "Z",
           ((Range.Normal <variants.saty:2.14-15>),
            (Types.MTypeName ([], [], "t"))));
           ((Range.Normal <variants.saty:2.18-19>), "W",
            ((Range.Normal <variants.saty:2.23-24>),
             (Types.MTypeName ([], [], "u"))))
           ],
         UTEndOfMutualVariant))
      )),
   UTFinishHeaderFile))

;; txprod.saty
(UTDeclareVariantIn (
   (UTMutualSynonymCons ([], (Range.Normal <txprod.saty:1.6-7>), "t",
      ((Range.Normal <txprod.saty:1.10-15>),
       (Types.MProductType
          [((Range.Normal <txprod.saty:1.10-11>),
            (Types.MTypeName ([], [], "a")));
            ((Range.Normal <txprod.saty:1.14-15>),
             (Types.MTypeName ([], [], "b")))
            ])),
      (UTMutualSynonymCons ([], (Range.Normal <txprod.saty:2.5-6>), "s",
         ((Range.Normal <txprod.saty:2.9-18>),
          (Types.MProductType
             [((Range.Normal <txprod.saty:2.9-10>),
               (Types.MTypeName ([], [], "a")));
               ((Range.Normal <txprod.saty:2.13-14>),
                (Types.MTypeName ([], [], "b")));
               ((Range.Normal <txprod.saty:2.17-18>),
                (Types.MTypeName ([], [], "c")))
               ])),
         UTEndOfMutualVariant))
      )),
   UTFinishHeaderFile))

;; txlist.saty
(UTDeclareVariantIn (
   (UTMutualSynonymCons ([], (Range.Normal <txlist.saty:1.6-7>), "t",
      ((Range.Normal <txlist.saty:1.10-28>),
       (Types.MHorzCommandType
          [(Types.MMandatoryArgumentType
              ((Range.Normal <txlist.saty:1.11-12>),
               (Types.MTypeName ([], [], "s"))));
            (Types.MOptionalArgumentType
               ((Range.Normal <txlist.saty:1.14-15>),
                (Types.MTypeName ([], [], "u"))))
            ])),
      (UTMutualSynonymCons ([], (Range.Normal <txlist.saty:2.5-6>), "t",
         ((Range.Normal <txlist.saty:2.9-27>),
          (Types.MHorzCommandType
             [(Types.MOptionalArgumentType
                 ((Range.Normal <txlist.saty:2.10-11>),
                  (Types.MTypeName ([], [], "s"))));
               (Types.MMandatoryArgumentType
                  ((Range.Normal <txlist.saty:2.14-15>),
                   (Types.MTypeName ([], [], "u"))))
               ])),
         (UTMutualSynonymCons ([], (Range.Normal <txlist.saty:3.5-6>), "t",
            ((Range.Normal <txlist.saty:3.9-22>), (Types.MHorzCommandType [])),
            (UTMutualSynonymCons ([], (Range.Normal <txlist.saty:4.5-6>),
               "t",
               ((Range.Normal <txlist.saty:4.9-23>),
                (Types.MHorzCommandType
                   [(Types.MMandatoryArgumentType
                       ((Range.Normal <txlist.saty:4.10-11>),
                        (Types.MTypeName ([], [], "s"))))
                     ])),
               (UTMutualSynonymCons ([], (Range.Normal <txlist.saty:5.5-6>),
                  "t",
                  ((Range.Normal <txlist.saty:5.9-24>),
                   (Types.MHorzCommandType
                      [(Types.MMandatoryArgumentType
                          ((Range.Normal <txlist.saty:5.10-11>),
                           (Types.MTypeName ([], [], "s"))))
                        ])),
                  UTEndOfMutualVariant))
               ))
            ))
         ))
      )),
   UTFinishHeaderFile))

;; txrecord.saty
(UTDeclareVariantIn (
   (UTMutualSynonymCons ([], (Range.Normal <txrecord.saty:1.6-7>), "t",
      ((Range.Normal <txrecord.saty:1.10-26>), MRecordType(...)),
      (UTMutualSynonymCons ([], (Range.Normal <txrecord.saty:2.5-6>), "t",
         ((Range.Normal <txrecord.saty:2.9-26>), MRecordType(...)),
         (UTMutualSynonymCons ([], (Range.Normal <txrecord.saty:3.5-6>), "t",
            ((Range.Normal <txrecord.saty:3.9-19>), MRecordType(...)),
            UTEndOfMutualVariant))
         ))
      )),
   UTFinishHeaderFile))

;; pats.saty
(UTLetNonRecIn (None,
   ((Range.Normal <pats.saty:1.5-15>), (UTPVariable "pats-test1")),
   (UTPatternMatch (a,
      [(UTPatternBranchWhen (
          ((Range.Normal <pats.saty:3.5-6>), (UTPVariable "b")), c, d));
        (UTPatternBranch (
           ((Range.Normal <pats.saty:4.5-6>), (UTPVariable "b")), d))
        ]
      )),
   (UTLetNonRecIn (None,
      ((Range.Normal <pats.saty:6.5-15>), (UTPVariable "pats-test2")),
      (UTPatternMatch (a,
         [(UTPatternBranch (
             ((Range.Normal <pats.saty:8.5-6>), (UTPVariable "b")), d));
           (UTPatternBranchWhen (
              ((Range.Normal <pats.saty:9.5-6>), (UTPVariable "b")), c, d))
           ]
         )),
      UTFinishHeaderFile))
   ))

;; pattuple.saty
(UTLetNonRecIn (None,
   ((Range.Normal <pattuple.saty:1.5-18>), (UTPVariable "pattuple-test")),
   (UTPatternMatch (a,
      [(UTPatternBranch (
          ((Range.Normal <pattuple.saty:3.5-11>),
           (UTPTuple
              [((Range.Normal <pattuple.saty:3.6-7>), (UTPVariable "b"));
                ((Range.Normal <pattuple.saty:3.9-10>), (UTPVariable "c"))])),
          d))
        ]
      )),
   UTFinishHeaderFile))

;; patlist.saty
(UTLetNonRecIn (None,
   ((Range.Normal <patlist.saty:1.5-13>), (UTPVariable "pat-test")),
   (UTPatternMatch (a,
      [(UTPatternBranch (
          ((Range.Normal <patlist.saty:3.5-8>),
           (UTPListCons (
              ((Range.Normal <patlist.saty:3.6-7>), (UTPVariable "b")),
              ((Range.Dummy "end-of-list-pattern"), UTPEndOfList)))),
          c));
        (UTPatternBranch (
           ((Range.Normal <patlist.saty:4.5-11>),
            (UTPListCons (
               ((Range.Normal <patlist.saty:4.6-7>), (UTPVariable "b")),
               ((Range.Normal <patlist.saty:4.9-10>),
                (UTPListCons (
                   ((Range.Normal <patlist.saty:4.9-10>), (UTPVariable "c")),
                   ((Range.Dummy "end-of-list-pattern"), UTPEndOfList))))
               ))),
           d));
        (UTPatternBranch (
           ((Range.Normal <patlist.saty:5.5-12>),
            (UTPListCons (
               ((Range.Normal <patlist.saty:5.6-7>), (UTPVariable "b")),
               ((Range.Normal <patlist.saty:5.9-10>),
                (UTPListCons (
                   ((Range.Normal <patlist.saty:5.9-10>), (UTPVariable "c")),
                   ((Range.Dummy "end-of-list-pattern"), UTPEndOfList))))
               ))),
           d))
        ]
      )),
   UTFinishHeaderFile))

;; sxlist.saty
(UTLetNonRecIn (None, ((Range.Normal <sxlist.saty:1.5-6>), UTPWildCard),
   UTEndOfList,
   (UTLetNonRecIn (None, ((Range.Normal <sxlist.saty:2.5-6>), UTPWildCard),
      (UTListCons ((UTInputHorz [IT:aa]),
         (UTListCons ((UTInputHorz [IT:bb]), UTEndOfList)))),
      UTFinishHeaderFile))
   ))

;; mathlist.saty
(UTLetNonRecIn (None, ((Range.Normal <mathlist.saty:1.5-6>), UTPWildCard),
   UTEndOfList,
   (UTLetNonRecIn (None, ((Range.Normal <mathlist.saty:2.5-6>), UTPWildCard),
      (UTListCons (
         (UTMath
            ((Range.Normal <mathlist.saty:2.12-13>),
             (UTMList
                [((Range.Normal <mathlist.saty:2.12-13>), (UTMChars "a"))]))),
         (UTListCons (
            (UTMath
               ((Range.Normal <mathlist.saty:2.14-16>),
                (UTMList
                   [((Range.Normal <mathlist.saty:2.14-15>), (UTMChars "a"));
                     ((Range.Normal <mathlist.saty:2.15-16>), (UTMChars "b"))
                     ]))),
            UTEndOfList))
         )),
      (UTLetNonRecIn (None,
         ((Range.Normal <mathlist.saty:4.5-6>), UTPWildCard),
         (UTInputVert
            [BC:+p (UTMandatoryArgument
                      (UTInputHorz
                         [(UTInputHorzEmbeddedMath
                             (UTMath
                                ((Range.Normal <mathlist.saty:6.7-8>),
                                 (UTMList
                                    [((Range.Normal <mathlist.saty:6.7-8>),
                                      (UTMChars "a"))]))));
                           IT:
;
                           (UTInputHorzEmbeddedMath
                              (UTMath
                                 ((Range.Normal <mathlist.saty:7.7-10>),
                                  (UTMList
                                     [((Range.Normal <mathlist.saty:7.7-10>),
                                       (UTMSuperScript (
                                          ((Range.Normal <mathlist.saty:7.7-8>),
                                           (UTMChars "a")),
                                          false,
                                          ((Range.Normal <mathlist.saty:7.9-10>),
                                           (UTMChars "1"))
                                          )))
                                       ]))));
                           IT:
;
                           (UTInputHorzEmbeddedMath
                              (UTMath
                                 ((Range.Normal <mathlist.saty:8.7-10>),
                                  (UTMList
                                     [((Range.Normal <mathlist.saty:8.7-10>),
                                       (UTMSubScript (
                                          ((Range.Normal <mathlist.saty:8.7-8>),
                                           (UTMChars "a")),
                                          false,
                                          ((Range.Normal <mathlist.saty:8.9-10>),
                                           (UTMChars "2"))
                                          )))
                                       ]))));
                           IT:
;
                           (UTInputHorzEmbeddedMath
                              (UTMath
                                 ((Range.Normal <mathlist.saty:9.7-12>),
                                  (UTMList
                                     [((Range.Normal <mathlist.saty:9.7-12>),
                                       (UTMSuperScript (
                                          ((Range.Normal <mathlist.saty:9.7-10>),
                                           (UTMSubScript (
                                              ((Range.Normal <mathlist.saty:9.7-8>),
                                               (UTMChars "a")),
                                              false,
                                              ((Range.Normal <mathlist.saty:9.9-10>),
                                               (UTMChars "2"))
                                              ))),
                                          false,
                                          ((Range.Normal <mathlist.saty:9.11-12>),
                                           (UTMChars "1"))
                                          )))
                                       ]))));
                           IT:
;
                           (UTInputHorzEmbeddedMath
                              (UTMath
                                 ((Range.Normal <mathlist.saty:10.7-12>),
                                  (UTMList
                                     [((Range.Normal <mathlist.saty:10.7-12>),
                                       (UTMSuperScript (
                                          ((Range.Dummy "mathtop"),
                                           (UTMSubScript (
                                              ((Range.Normal <mathlist.saty:10.7-8>),
                                               (UTMChars "a")),
                                              false,
                                              ((Range.Normal <mathlist.saty:10.11-12>),
                                               (UTMChars "2"))
                                              ))),
                                          false,
                                          ((Range.Normal <mathlist.saty:10.9-10>),
                                           (UTMChars "1"))
                                          )))
                                       ]))));
                           IT:
;
                           (UTInputHorzEmbeddedMath
                              (UTMath
                                 ((Range.Normal <mathlist.saty:11.7-9>),
                                  (UTMList
                                     [((Range.Normal <mathlist.saty:11.7-9>),
                                       (UTMSuperScript (
                                          ((Range.Normal <mathlist.saty:11.7-8>),
                                           (UTMChars "a")),
                                          true,
                                          ((Range.Normal <mathlist.saty:11.8-9>),
                                           (UTMChars "′"))
                                          )))
                                       ]))));
                           IT:
;
                           (UTInputHorzEmbeddedMath
                              (UTMath
                                 ((Range.Normal <mathlist.saty:12.7-11>),
                                  (UTMList
                                     [((Range.Normal <mathlist.saty:12.7-11>),
                                       (UTMSuperScript (
                                          ((Range.Normal <mathlist.saty:12.7-8>),
                                           (UTMChars "a")),
                                          false,
                                          ((Range.Normal <mathlist.saty:12.8-11>),
                                           (UTMList
                                              [((Range.Normal <mathlist.saty:12.8-9>),
                                                (UTMChars "′"));
                                                ((Range.Normal <mathlist.saty:12.10-11>),
                                                 (UTMChars "1"))
                                                ]))
                                          )))
                                       ]))));
                           IT:
;
                           (UTInputHorzEmbeddedMath
                              (UTMath
                                 ((Range.Normal <mathlist.saty:13.7-11>),
                                  (UTMList
                                     [((Range.Normal <mathlist.saty:13.7-11>),
                                       (UTMSuperScript (
                                          ((Range.Dummy "mathtop"),
                                           (UTMSubScript (
                                              ((Range.Normal <mathlist.saty:13.7-8>),
                                               (UTMChars "a")),
                                              false,
                                              ((Range.Normal <mathlist.saty:13.10-11>),
                                               (UTMChars "2"))
                                              ))),
                                          true,
                                          ((Range.Normal <mathlist.saty:13.8-9>),
                                           (UTMChars "′"))
                                          )))
                                       ]))));
                           IT:
;
                           (UTInputHorzEmbeddedMath
                              (UTMath
                                 ((Range.Normal <mathlist.saty:14.7-13>),
                                  (UTMList
                                     [((Range.Normal <mathlist.saty:14.7-13>),
                                       (UTMSuperScript (
                                          ((Range.Dummy "mathtop"),
                                           (UTMSubScript (
                                              ((Range.Normal <mathlist.saty:14.7-8>),
                                               (UTMChars "a")),
                                              false,
                                              ((Range.Normal <mathlist.saty:14.10-11>),
                                               (UTMChars "2"))
                                              ))),
                                          false,
                                          ((Range.Normal <mathlist.saty:14.8-13>),
                                           (UTMList
                                              [((Range.Normal <mathlist.saty:14.8-9>),
                                                (UTMChars "′"));
                                                ((Range.Normal <mathlist.saty:14.12-13>),
                                                 (UTMChars "1"))
                                                ]))
                                          )))
                                       ]))));
                           IT:
;
                           (UTInputHorzEmbeddedMath
                              (UTMath
                                 ((Range.Normal <mathlist.saty:15.7-13>),
                                  (UTMList
                                     [((Range.Normal <mathlist.saty:15.7-13>),
                                       (UTMSuperScript (
                                          ((Range.Dummy "mathtop"),
                                           (UTMSubScript (
                                              ((Range.Normal <mathlist.saty:15.7-8>),
                                               (UTMChars "a")),
                                              false,
                                              ((Range.Normal <mathlist.saty:15.12-13>),
                                               (UTMChars "2"))
                                              ))),
                                          false,
                                          ((Range.Normal <mathlist.saty:15.8-11>),
                                           (UTMList
                                              [((Range.Normal <mathlist.saty:15.8-9>),
                                                (UTMChars "′"));
                                                ((Range.Normal <mathlist.saty:15.10-11>),
                                                 (UTMChars "1"))
                                                ]))
                                          )))
                                       ]))))
                           ]))
              ]),
         UTFinishHeaderFile))
      ))
   ))

;; toplevel.saty
(UTDeclareVariantIn (
   (UTMutualSynonymCons ([], (Range.Normal <toplevel.saty:1.6-7>), "t",
      ((Range.Normal <toplevel.saty:1.10-16>),
       (Types.MFuncType ([],
          ((Range.Normal <toplevel.saty:1.10-11>),
           (Types.MTypeName ([], [], "a"))),
          ((Range.Normal <toplevel.saty:1.15-16>),
           (Types.MTypeName ([], [], "b")))
          ))),
      (UTMutualVariantCons ([], (Range.Normal <toplevel.saty:2.5-6>), "s",
         [((Range.Normal <toplevel.saty:2.9-10>), "A",
           ((Range.Dummy "dec-constructor-unit1"),
            (Types.MTypeName ([], [], "unit"))));
           ((Range.Normal <toplevel.saty:2.13-14>), "B",
            ((Range.Dummy "dec-constructor-unit1"),
             (Types.MTypeName ([], [], "unit"))))
           ],
         (UTMutualVariantCons ([], (Range.Normal <toplevel.saty:3.5-6>), "u",
            [((Range.Normal <toplevel.saty:4.5-6>), "A",
              ((Range.Dummy "dec-constructor-unit1"),
               (Types.MTypeName ([], [], "unit"))));
              ((Range.Normal <toplevel.saty:5.5-6>), "B",
               ((Range.Dummy "dec-constructor-unit1"),
                (Types.MTypeName ([], [], "unit"))))
              ],
            UTEndOfMutualVariant))
         ))
      )),
   UTFinishHeaderFile))
